--- Startup times for process: Primary/TUI ---

times in msec
 clock   self+sourced   self:  sourced script
 clock   elapsed:              other lines

000.001  000.001: --- NVIM STARTING ---
000.492  000.490: event init
000.656  000.164: early init
000.757  000.101: locale set
000.871  000.114: init first window
001.410  000.539: inits 1
001.424  000.014: window checked
001.428  000.004: parsing arguments
002.458  000.090  000.090: require('vim.shared')
002.648  000.091  000.091: require('vim.inspect')
002.759  000.080  000.080: require('vim._options')
002.764  000.298  000.127: require('vim._editor')
002.766  000.451  000.063: require('vim._init_packages')
002.769  000.891: init lua interpreter
004.067  001.298: --- NVIM STARTED ---

--- Startup times for process: Embedded ---

times in msec
 clock   self+sourced   self:  sourced script
 clock   elapsed:              other lines

000.001  000.001: --- NVIM STARTING ---
000.225  000.224: event init
000.372  000.148: early init
000.465  000.092: locale set
000.546  000.082: init first window
001.055  000.509: inits 1
001.076  000.021: window checked
001.080  000.004: parsing arguments
002.089  000.085  000.085: require('vim.shared')
002.267  000.090  000.090: require('vim.inspect')
002.377  000.078  000.078: require('vim._options')
002.381  000.285  000.117: require('vim._editor')
002.384  000.429  000.060: require('vim._init_packages')
002.387  000.877: init lua interpreter
002.492  000.105: expanding arguments
002.531  000.039: inits 2
003.118  000.587: init highlight
003.121  000.003: waiting for UI
003.363  000.243: done waiting for UI
003.382  000.018: clear screen
003.519  000.010  000.010: require('vim.keymap')
005.138  000.813  000.813: require('vim.termcap')
005.340  000.127  000.127: require('vim.text')
005.566  002.178  001.227: require('vim._defaults')
005.572  000.013: init default mappings & autocommands
005.744  000.106  000.106: sourcing /usr/share/nvim/runtime/ftplugin.vim
005.865  000.057  000.057: sourcing /usr/share/nvim/runtime/indent.vim
006.070  000.127  000.127: sourcing /usr/share/nvim/archlinux.lua
006.081  000.174  000.047: sourcing /etc/xdg/nvim/sysinit.vim
007.773  000.963  000.963: require('base.options')
009.344  000.983  000.983: require('vim.iter')
010.364  002.582  001.599: require('base.event')
010.373  004.197  000.652: require('base')
010.857  000.227  000.227: require('base.global')
011.121  000.256  000.256: require('base.settings')
011.966  000.064  000.064: require('plugins/plugins/colorscheme')
012.130  000.099  000.099: require('plugins.config.better-escape')
012.137  000.153  000.054: require('plugins/plugins/editor')
012.246  000.098  000.098: require('plugins/plugins/filetype')
012.346  000.094  000.094: require('plugins/plugins/git')
012.508  000.078  000.078: require('plugins.config.which-key')
012.514  000.148  000.070: require('plugins/plugins/tool')
013.328  000.741  000.741: require('lazy')
013.426  000.069  000.069: require('ffi')
013.707  000.080  000.080: require('vim.fs')
014.161  000.428  000.428: require('vim.uri')
014.211  000.690  000.183: require('vim.loader')
015.206  000.929  000.929: require('lazy.stats')
015.873  000.589  000.589: require('lazy.core.util')
016.649  000.764  000.764: require('lazy.core.config')
018.494  001.125  001.125: require('lazy.core.handler')
020.890  000.252  000.252: require('lazy.pkg')
020.921  001.530  001.278: require('lazy.core.meta')
020.966  002.453  000.923: require('lazy.core.plugin')
020.995  004.334  000.756: require('lazy.core.loader')
024.217  000.596  000.596: require('lazy.core.fragments')
025.857  000.356  000.356: require('lazy.core.handler.cmd')
026.389  000.193  000.193: require('lazy.core.handler.event')
026.408  000.537  000.344: require('lazy.core.handler.ft')
026.569  000.153  000.153: require('lazy.core.handler.keys')
031.920  001.900  001.900: sourcing /usr/share/nvim/runtime/colors/vim.lua
033.045  003.106  001.206: sourcing /usr/share/nvim/runtime/colors/habamax.vim
033.939  000.205  000.205: require('lazy.async')
034.649  000.510  000.510: require('lazy.manage.process')
035.055  000.400  000.400: require('lazy.terminal')
035.078  001.131  000.221: require('lazy.manage.task')
035.090  001.501  000.165: require('lazy.manage.runner')
035.099  002.031  000.529: require('lazy.manage')
036.245  000.245  000.245: require('lazy.util')
036.256  000.517  000.272: require('lazy.view.diff')
036.771  000.304  000.304: require('lazy.view.config')
036.792  000.533  000.229: require('lazy.view.float')
037.734  000.641  000.641: require('lazy.manage.semver')
037.751  000.956  000.315: require('lazy.manage.git')
038.298  000.276  000.276: require('lazy.view.sections')
038.408  000.102  000.102: require('lazy.view.text')
038.422  000.668  000.290: require('lazy.view.render')
038.431  003.087  000.413: require('lazy.view')
038.627  000.182  000.182: require('lazy.view.colors')
045.057  000.250  000.250: require('lazy.view.commands')
045.934  000.022  000.022: require('vim.F')
046.541  000.113  000.113: require('lazy.community')
048.094  001.412  001.412: require('vim.health')
048.113  001.559  000.147: require('lazy.health')
048.128  001.868  000.196: require('lazy.pkg.rockspec')
048.137  002.132  000.264: require('lazy.manage.task.plugin')
048.695  000.204  000.204: require('lazy.manage.lock')
048.724  000.561  000.356: require('lazy.manage.task.git')
054.082  001.503  001.503: require('vim.diagnostic')
2657.056  000.163  000.163: require('lazy.pkg.lazy')
2657.165  000.094  000.094: require('lazy.pkg.packspec')
2657.221  000.038  000.038: require('lazy.community.specs')
2660.040  001.431  001.431: require('lazy.community._generated')
2661.212  000.034  000.034: require('lazy.state')
2661.220  000.103  000.069: require('lazy.manage.checker')
2665.009  000.076  000.076: require('lazy.help')
2666.563  000.115  000.115: sourcing /usr/share/nvim/runtime/filetype.lua
2666.806  000.036  000.036: sourcing /home/fg51/.local/share/nvim/lazy/nightfox.nvim/plugin/nightfox.vim
2667.370  000.049  000.049: require('nightfox.lib.collect')
2667.419  000.046  000.046: require('nightfox.util')
2667.500  000.263  000.168: require('nightfox.config')
2667.502  000.677  000.414: require('nightfox')
2668.250  000.036  000.036: require('nightfox.override')
2668.300  000.023  000.023: require('nightfox.lib.hash')
2668.327  000.023  000.023: require('nightfox.lib.log')
2668.380  000.028  000.028: require('nightfox.lib.highlight')
2668.381  000.053  000.025: require('nightfox.lib.compiler')
2668.446  000.064  000.064: require('nightfox.palette')
2668.487  000.021  000.021: require('nightfox.util.template')
2668.488  000.040  000.020: require('nightfox.spec')
2668.551  000.033  000.033: require('nightfox.lib.color')
2668.571  000.018  000.018: require('nightfox.lib.shade')
2668.628  000.138  000.087: require('nightfox.palette.carbonfox')
2668.675  000.026  000.026: require('nightfox.group')
2668.728  000.052  000.052: require('nightfox.group.editor')
2668.802  000.044  000.044: require('nightfox.group.syntax')
2668.891  000.039  000.039: require('nightfox.group.modules.alpha')
2669.017  000.080  000.080: require('nightfox.group.modules.aerial')
2669.070  000.041  000.041: require('nightfox.group.modules.barbar')
2669.134  000.050  000.050: require('nightfox.group.modules.blink')
2669.234  000.054  000.054: require('nightfox.group.modules.cmp')
2669.277  000.025  000.025: require('nightfox.group.modules.coc')
2669.322  000.034  000.034: require('nightfox.group.modules.dap_ui')
2669.374  000.036  000.036: require('nightfox.group.modules.dashboard')
2669.436  000.051  000.051: require('nightfox.group.modules.diagnostic')
2669.492  000.037  000.037: require('nightfox.group.modules.fern')
2669.552  000.045  000.045: require('nightfox.group.modules.fidget')
2669.596  000.030  000.030: require('nightfox.group.modules.gitgutter')
2669.637  000.029  000.029: require('nightfox.group.modules.gitsigns')
2669.687  000.037  000.037: require('nightfox.group.modules.glyph_palette')
2669.763  000.035  000.035: require('nightfox.group.modules.hop')
2669.815  000.033  000.033: require('nightfox.group.modules.illuminate')
2669.878  000.045  000.045: require('nightfox.group.modules.indent_blankline')
2669.931  000.036  000.036: require('nightfox.group.modules.lazy')
2669.983  000.036  000.036: require('nightfox.group.modules.leap')
2670.044  000.038  000.038: require('nightfox.group.modules.lightspeed')
2670.099  000.038  000.038: require('nightfox.group.modules.lsp_saga')
2670.169  000.043  000.043: require('nightfox.group.modules.lsp_semantic_tokens')
2670.453  000.184  000.184: require('nightfox.group.modules.lsp_trouble')
2670.716  000.234  000.234: require('nightfox.group.modules.mini')
2671.084  000.062  000.062: require('nightfox.group.modules.modes')
2671.124  000.020  000.020: require('nightfox.group.modules.native_lsp')
2671.180  000.039  000.039: require('nightfox.group.modules.navic')
2671.236  000.020  000.020: require('nightfox.group.modules.neogit')
2671.272  000.018  000.018: require('nightfox.group.modules.neotest')
2671.309  000.018  000.018: require('nightfox.group.modules.neotree')
2671.357  000.019  000.019: require('nightfox.group.modules.notify')
2671.463  000.028  000.028: require('nightfox.group.modules.nvimtree')
2671.518  000.024  000.024: require('nightfox.group.modules.pounce')
2671.563  000.018  000.018: require('nightfox.group.modules.signify')
2671.613  000.019  000.019: require('nightfox.group.modules.sneak')
2671.659  000.019  000.019: require('nightfox.group.modules.symbol_outline')
2671.749  000.040  000.040: require('nightfox.group.modules.rainbow-delimiters')
2671.800  000.018  000.018: require('nightfox.group.modules.telescope')
2671.897  000.039  000.039: require('nightfox.group.modules.treesitter')
2671.964  000.020  000.020: require('nightfox.group.modules.tsrainbow')
2672.017  000.018  000.018: require('nightfox.group.modules.tsrainbow2')
2672.068  000.018  000.018: require('nightfox.group.modules.whichkey')
2672.119  000.018  000.018: require('nightfox.group.terminal')
2674.360  000.116  000.116: require('nightfox.palette.dawnfox')
2678.024  000.213  000.213: require('nightfox.palette.dayfox')
2681.150  000.154  000.154: require('nightfox.palette.duskfox')
2683.603  000.183  000.183: require('nightfox.palette.nightfox')
2687.823  000.203  000.203: require('nightfox.palette.nordfox')
2690.322  000.102  000.102: require('nightfox.palette.terafox')
2694.040  025.852  022.593: sourcing /home/fg51/.local/share/nvim/lazy/nightfox.nvim/colors/duskfox.vim
2710.502  000.057  000.057: sourcing /usr/share/nvim/runtime/plugin/editorconfig.lua
2710.554  000.034  000.034: sourcing /usr/share/nvim/runtime/plugin/man.lua
2710.791  000.226  000.226: sourcing /usr/share/nvim/runtime/plugin/netrwPlugin.vim
2710.878  000.065  000.065: sourcing /usr/share/nvim/runtime/plugin/osc52.lua
2711.037  000.142  000.142: sourcing /usr/share/nvim/runtime/plugin/rplugin.vim
2711.089  000.037  000.037: sourcing /usr/share/nvim/runtime/plugin/shada.vim
2711.128  000.024  000.024: sourcing /usr/share/nvim/runtime/plugin/tohtml.lua
2711.150  000.010  000.010: sourcing /usr/share/nvim/runtime/plugin/tutor.vim
2711.217  2700.841  2647.990: require('/lazy')
2711.307  000.089  000.089: require('base.keymap')
2711.309  2705.176  000.050: sourcing /home/fg51/.config/nvim/init.lua
2711.315  000.229: sourcing vimrc file(s)
2711.368  000.023  000.023: sourcing /usr/share/nvim/runtime/filetype.lua
2711.463  000.044  000.044: sourcing /usr/share/nvim/runtime/syntax/synload.vim
2712.305  000.915  000.872: sourcing /usr/share/nvim/runtime/syntax/syntax.vim
2712.313  000.059: inits 3
2712.676  000.363: reading ShaDa
2712.730  000.054: opening buffers
2712.761  000.031: BufEnter autocommands
2712.763  000.002: editing files in windows
2712.898  000.135: VimEnter autocommands
2712.919  000.021: UIEnter autocommands
2715.254  000.230  000.230: require('vim.version')
2715.398  002.452  002.222: sourcing /usr/share/nvim/runtime/autoload/provider/clipboard.vim
2715.410  000.039: before starting main loop
2715.831  000.422: first screen update
2715.833  000.002: --- NVIM STARTED ---

--- Startup times for process: Primary/TUI ---

times in msec
 clock   self+sourced   self:  sourced script
 clock   elapsed:              other lines

000.001  000.001: --- NVIM STARTING ---
000.247  000.245: event init
000.415  000.169: early init
000.511  000.096: locale set
000.591  000.079: init first window
001.147  000.557: inits 1
001.164  000.016: window checked
001.168  000.004: parsing arguments
002.226  000.085  000.085: require('vim.shared')
002.473  000.103  000.103: require('vim.inspect')
002.605  000.081  000.081: require('vim._options')
002.610  000.375  000.191: require('vim._editor')
002.613  000.526  000.065: require('vim._init_packages')
002.618  000.924: init lua interpreter
003.854  001.237: --- NVIM STARTED ---

--- Startup times for process: Embedded ---

times in msec
 clock   self+sourced   self:  sourced script
 clock   elapsed:              other lines

000.001  000.001: --- NVIM STARTING ---
000.397  000.396: event init
000.736  000.339: early init
000.840  000.105: locale set
000.918  000.078: init first window
001.548  000.629: inits 1
001.577  000.029: window checked
001.582  000.005: parsing arguments
002.596  000.089  000.089: require('vim.shared')
002.780  000.092  000.092: require('vim.inspect')
002.888  000.076  000.076: require('vim._options')
002.893  000.288  000.120: require('vim._editor')
002.896  000.442  000.065: require('vim._init_packages')
002.899  000.875: init lua interpreter
003.268  000.368: expanding arguments
003.316  000.048: inits 2
003.922  000.606: init highlight
003.926  000.004: waiting for UI
004.537  000.611: done waiting for UI
004.558  000.021: clear screen
004.701  000.013  000.013: require('vim.keymap')
007.374  001.142  001.142: require('vim.termcap')
007.612  000.151  000.151: require('vim.text')
007.903  003.337  002.030: require('vim._defaults')
007.913  000.018: init default mappings & autocommands
008.132  000.138  000.138: sourcing /usr/share/nvim/runtime/ftplugin.vim
008.296  000.079  000.079: sourcing /usr/share/nvim/runtime/indent.vim
008.624  000.212  000.212: sourcing /usr/share/nvim/archlinux.lua
008.648  000.289  000.077: sourcing /etc/xdg/nvim/sysinit.vim
011.391  001.395  001.395: require('base.options')
014.255  001.789  001.789: require('vim.iter')
015.871  004.465  002.676: require('base.event')
015.888  006.923  001.062: require('base')
016.670  000.290  000.290: require('base.global')
017.118  000.434  000.434: require('base.settings')
019.020  000.161  000.161: require('plugins/plugins/colorscheme')
019.298  000.120  000.120: require('plugins.config.better-escape')
019.311  000.252  000.131: require('plugins/plugins/editor')
019.419  000.081  000.081: require('plugins/plugins/filetype')
019.535  000.104  000.104: require('plugins/plugins/git')
019.818  000.157  000.157: require('plugins.config.which-key')
019.829  000.257  000.099: require('plugins/plugins/tool')
022.406  002.237  002.237: require('lazy')
022.542  000.068  000.068: require('ffi')
022.743  000.089  000.089: require('vim.fs')
023.158  000.394  000.394: require('vim.uri')
023.222  000.666  000.183: require('vim.loader')
023.948  000.655  000.655: require('lazy.stats')
024.531  000.515  000.515: require('lazy.core.util')
025.308  000.768  000.768: require('lazy.core.config')
026.180  000.403  000.403: require('lazy.core.handler')
027.254  000.130  000.130: require('lazy.pkg')
027.267  000.749  000.619: require('lazy.core.meta')
027.286  001.098  000.348: require('lazy.core.plugin')
027.303  001.985  000.483: require('lazy.core.loader')
028.571  000.118  000.118: require('lazy.core.fragments')
029.936  000.148  000.148: require('lazy.core.handler.event')
029.945  000.384  000.236: require('lazy.core.handler.ft')
030.064  000.103  000.103: require('lazy.core.handler.keys')
030.508  000.437  000.437: require('lazy.core.handler.cmd')
031.162  000.362  000.362: sourcing /usr/share/nvim/runtime/filetype.lua
031.717  000.062  000.062: sourcing /home/fg51/.local/share/nvim/lazy/nightfox.nvim/plugin/nightfox.vim
033.199  000.150  000.150: require('nightfox.lib.collect')
033.342  000.135  000.135: require('nightfox.util')
033.609  000.771  000.486: require('nightfox.config')
033.616  001.846  001.075: require('nightfox')
035.819  000.196  000.196: require('nightfox.override')
036.021  000.123  000.123: require('nightfox.lib.hash')
036.140  000.109  000.109: require('nightfox.lib.log')
036.360  000.097  000.097: require('nightfox.lib.highlight')
036.366  000.220  000.123: require('nightfox.lib.compiler')
036.528  000.159  000.159: require('nightfox.palette')
036.978  000.303  000.303: require('nightfox.util.template')
036.986  000.452  000.149: require('nightfox.spec')
037.442  000.243  000.243: require('nightfox.lib.color')
037.567  000.119  000.119: require('nightfox.lib.shade')
037.835  000.841  000.478: require('nightfox.palette.carbonfox')
038.048  000.139  000.139: require('nightfox.group')
038.237  000.183  000.183: require('nightfox.group.editor')
038.445  000.155  000.155: require('nightfox.group.syntax')
038.744  000.187  000.187: require('nightfox.group.modules.alpha')
038.996  000.198  000.198: require('nightfox.group.modules.aerial')
039.577  000.544  000.544: require('nightfox.group.modules.barbar')
039.879  000.221  000.221: require('nightfox.group.modules.blink')
040.059  000.108  000.108: require('nightfox.group.modules.cmp')
040.179  000.080  000.080: require('nightfox.group.modules.coc')
040.309  000.101  000.101: require('nightfox.group.modules.dap_ui')
040.424  000.080  000.080: require('nightfox.group.modules.dashboard')
040.534  000.081  000.081: require('nightfox.group.modules.diagnostic')
040.636  000.069  000.069: require('nightfox.group.modules.fern')
040.733  000.068  000.068: require('nightfox.group.modules.fidget')
040.832  000.069  000.069: require('nightfox.group.modules.gitgutter')
040.927  000.066  000.066: require('nightfox.group.modules.gitsigns')
041.088  000.131  000.131: require('nightfox.group.modules.glyph_palette')
041.305  000.145  000.145: require('nightfox.group.modules.hop')
041.634  000.276  000.276: require('nightfox.group.modules.illuminate')
041.818  000.119  000.119: require('nightfox.group.modules.indent_blankline')
041.947  000.077  000.077: require('nightfox.group.modules.lazy')
042.125  000.090  000.090: require('nightfox.group.modules.leap')
042.361  000.125  000.125: require('nightfox.group.modules.lightspeed')
042.530  000.098  000.098: require('nightfox.group.modules.lsp_saga')
042.753  000.154  000.154: require('nightfox.group.modules.lsp_semantic_tokens')
042.926  000.090  000.090: require('nightfox.group.modules.lsp_trouble')
043.145  000.145  000.145: require('nightfox.group.modules.mini')
043.335  000.090  000.090: require('nightfox.group.modules.modes')
043.523  000.096  000.096: require('nightfox.group.modules.native_lsp')
043.883  000.236  000.236: require('nightfox.group.modules.navic')
044.103  000.116  000.116: require('nightfox.group.modules.neogit')
044.322  000.112  000.112: require('nightfox.group.modules.neotest')
044.651  000.200  000.200: require('nightfox.group.modules.neotree')
045.065  000.211  000.211: require('nightfox.group.modules.notify')
045.475  000.194  000.194: require('nightfox.group.modules.nvimtree')
045.905  000.221  000.221: require('nightfox.group.modules.pounce')
046.278  000.186  000.186: require('nightfox.group.modules.signify')
046.739  000.282  000.282: require('nightfox.group.modules.sneak')
047.186  000.247  000.247: require('nightfox.group.modules.symbol_outline')
047.629  000.192  000.192: require('nightfox.group.modules.rainbow-delimiters')
048.864  000.946  000.946: require('nightfox.group.modules.telescope')
049.477  000.443  000.443: require('nightfox.group.modules.treesitter')
049.940  000.269  000.269: require('nightfox.group.modules.tsrainbow')
050.279  000.159  000.159: require('nightfox.group.modules.tsrainbow2')
050.607  000.156  000.156: require('nightfox.group.modules.whichkey')
050.967  000.161  000.161: require('nightfox.group.terminal')
060.455  000.355  000.355: require('nightfox.palette.dawnfox')
069.970  000.225  000.225: require('nightfox.palette.dayfox')
078.873  000.390  000.390: require('nightfox.palette.duskfox')
085.528  000.466  000.466: require('nightfox.palette.nightfox')
091.738  000.633  000.633: require('nightfox.palette.nordfox')
097.977  000.328  000.328: require('nightfox.palette.terafox')
107.117  071.588  058.772: sourcing /home/fg51/.local/share/nvim/lazy/nightfox.nvim/colors/duskfox.vim
157.714  000.126  000.126: sourcing /usr/share/nvim/runtime/plugin/editorconfig.lua
157.857  000.099  000.099: sourcing /usr/share/nvim/runtime/plugin/man.lua
158.492  000.601  000.601: sourcing /usr/share/nvim/runtime/plugin/netrwPlugin.vim
158.794  000.112  000.112: sourcing /usr/share/nvim/runtime/plugin/osc52.lua
159.177  000.326  000.326: sourcing /usr/share/nvim/runtime/plugin/rplugin.vim
159.310  000.085  000.085: sourcing /usr/share/nvim/runtime/plugin/shada.vim
159.496  000.097  000.097: sourcing /usr/share/nvim/runtime/plugin/tohtml.lua
159.573  000.031  000.031: sourcing /usr/share/nvim/runtime/plugin/tutor.vim
159.688  143.793  058.946: require('/lazy')
159.921  000.230  000.230: require('base.keymap')
159.926  151.196  000.251: sourcing /home/fg51/.config/nvim/init.lua
159.936  000.321: sourcing vimrc file(s)
160.114  000.109  000.109: sourcing /usr/share/nvim/runtime/filetype.lua
160.342  000.103  000.103: sourcing /usr/share/nvim/runtime/syntax/synload.vim
160.462  000.297  000.194: sourcing /usr/share/nvim/runtime/syntax/syntax.vim
160.479  000.138: inits 3
161.271  000.792: reading ShaDa
161.407  000.136: opening buffers
161.481  000.074: BufEnter autocommands
161.486  000.005: editing files in windows
161.633  000.147: VimEnter autocommands
161.723  000.090: UIEnter autocommands
167.096  001.165  001.165: require('vim.version')
167.620  005.826  004.661: sourcing /usr/share/nvim/runtime/autoload/provider/clipboard.vim
167.653  000.104: before starting main loop
167.849  000.195: first screen update
167.852  000.004: --- NVIM STARTED ---

