--- Startup times for process: Primary/TUI ---

times in msec
 clock   self+sourced   self:  sourced script
 clock   elapsed:              other lines

000.001  000.001: --- NVIM STARTING ---
000.566  000.565: event init
000.730  000.164: early init
000.828  000.098: locale set
000.915  000.087: init first window
001.473  000.558: inits 1
001.488  000.015: window checked
001.492  000.004: parsing arguments
002.518  000.087  000.087: require('vim.shared')
002.704  000.094  000.094: require('vim.inspect')
002.824  000.089  000.089: require('vim._options')
002.829  000.303  000.121: require('vim._editor')
002.831  000.451  000.061: require('vim._init_packages')
002.835  000.891: init lua interpreter
003.827  000.993: --- NVIM STARTED ---

--- Startup times for process: Embedded ---

times in msec
 clock   self+sourced   self:  sourced script
 clock   elapsed:              other lines

000.001  000.001: --- NVIM STARTING ---
000.293  000.292: event init
000.532  000.239: early init
000.750  000.219: locale set
000.972  000.222: init first window
001.565  000.593: inits 1
001.593  000.027: window checked
001.598  000.005: parsing arguments
002.676  000.088  000.088: require('vim.shared')
002.858  000.093  000.093: require('vim.inspect')
002.967  000.078  000.078: require('vim._options')
002.971  000.286  000.116: require('vim._editor')
002.973  000.429  000.056: require('vim._init_packages')
002.977  000.950: init lua interpreter
003.105  000.128: expanding arguments
003.145  000.040: inits 2
003.748  000.602: init highlight
003.751  000.003: waiting for UI
003.972  000.221: done waiting for UI
003.989  000.018: clear screen
004.150  000.016  000.016: require('vim.keymap')
006.430  001.359  001.359: require('vim.termcap')
006.637  000.133  000.133: require('vim.text')
006.900  002.903  001.394: require('vim._defaults')
006.909  000.016: init default mappings & autocommands
007.091  000.116  000.116: sourcing /usr/share/nvim/runtime/ftplugin.vim
007.215  000.063  000.063: sourcing /usr/share/nvim/runtime/indent.vim
007.435  000.134  000.134: sourcing /usr/share/nvim/archlinux.lua
007.446  000.186  000.052: sourcing /etc/xdg/nvim/sysinit.vim
009.610  001.400  001.400: require('base.options')
011.111  000.829  000.829: require('vim.iter')
012.423  002.803  001.974: require('base.event')
012.434  004.873  000.670: require('base')
012.949  000.510  000.510: require('base.keymap')
012.961  005.446  000.062: sourcing /home/fg51/.config/nvim/init.lua
012.982  000.263: sourcing vimrc file(s)
013.374  000.316  000.316: sourcing /usr/share/nvim/runtime/filetype.lua
013.743  000.176  000.176: sourcing /usr/share/nvim/runtime/syntax/synload.vim
013.955  000.488  000.312: sourcing /usr/share/nvim/runtime/syntax/syntax.vim
014.786  000.043  000.043: sourcing /usr/share/nvim/runtime/plugin/gzip.vim
014.843  000.026  000.026: sourcing /usr/share/nvim/runtime/plugin/matchit.vim
014.907  000.025  000.025: sourcing /usr/share/nvim/runtime/plugin/matchparen.vim
015.793  000.852  000.852: sourcing /usr/share/nvim/runtime/plugin/netrwPlugin.vim
016.380  000.489  000.489: sourcing /usr/share/nvim/runtime/plugin/rplugin.vim
016.574  000.142  000.142: sourcing /usr/share/nvim/runtime/plugin/shada.vim
016.658  000.025  000.025: sourcing /usr/share/nvim/runtime/plugin/spellfile.vim
016.728  000.028  000.028: sourcing /usr/share/nvim/runtime/plugin/tarPlugin.vim
016.802  000.036  000.036: sourcing /usr/share/nvim/runtime/plugin/tutor.vim
016.869  000.028  000.028: sourcing /usr/share/nvim/runtime/plugin/zipPlugin.vim
017.054  000.140  000.140: sourcing /usr/share/nvim/runtime/plugin/editorconfig.lua
017.228  000.123  000.123: sourcing /usr/share/nvim/runtime/plugin/man.lua
017.407  000.122  000.122: sourcing /usr/share/nvim/runtime/plugin/osc52.lua
017.636  000.183  000.183: sourcing /usr/share/nvim/runtime/plugin/tohtml.lua
017.697  001.647: loading rtp plugins
017.925  000.228: loading packages
017.929  000.004: loading after plugins
017.952  000.023: inits 3
018.978  001.025: reading ShaDa
019.143  000.165: opening buffers
019.271  000.129: BufEnter autocommands
019.279  000.007: editing files in windows
019.494  000.215: VimEnter autocommands
019.502  000.008: UIEnter autocommands
026.334  001.036  001.036: require('vim.version')
026.622  007.017  005.981: sourcing /usr/share/nvim/runtime/autoload/provider/clipboard.vim
026.655  000.135: before starting main loop
026.842  000.187: first screen update
026.846  000.004: --- NVIM STARTED ---

--- Startup times for process: Primary/TUI ---

times in msec
 clock   self+sourced   self:  sourced script
 clock   elapsed:              other lines

000.001  000.001: --- NVIM STARTING ---
000.240  000.239: event init
000.411  000.171: early init
000.514  000.103: locale set
000.601  000.087: init first window
001.144  000.543: inits 1
001.158  000.014: window checked
001.162  000.004: parsing arguments
002.173  000.084  000.084: require('vim.shared')
002.358  000.093  000.093: require('vim.inspect')
002.469  000.082  000.082: require('vim._options')
002.474  000.294  000.120: require('vim._editor')
002.477  000.431  000.052: require('vim._init_packages')
002.480  000.887: init lua interpreter
003.878  001.398: --- NVIM STARTED ---

--- Startup times for process: Embedded ---

times in msec
 clock   self+sourced   self:  sourced script
 clock   elapsed:              other lines

000.001  000.001: --- NVIM STARTING ---
000.225  000.224: event init
000.373  000.147: early init
000.467  000.094: locale set
000.545  000.079: init first window
001.079  000.534: inits 1
001.103  000.024: window checked
001.108  000.004: parsing arguments
002.122  000.094  000.094: require('vim.shared')
002.312  000.093  000.093: require('vim.inspect')
002.420  000.076  000.076: require('vim._options')
002.425  000.293  000.124: require('vim._editor')
002.428  000.489  000.102: require('vim._init_packages')
002.431  000.834: init lua interpreter
002.547  000.116: expanding arguments
002.588  000.041: inits 2
003.195  000.607: init highlight
003.200  000.005: waiting for UI
003.433  000.234: done waiting for UI
003.452  000.018: clear screen
003.593  000.013  000.013: require('vim.keymap')
005.381  000.862  000.862: require('vim.termcap')
005.671  000.126  000.126: require('vim.text')
005.921  002.461  001.460: require('vim._defaults')
005.930  000.017: init default mappings & autocommands
006.112  000.116  000.116: sourcing /usr/share/nvim/runtime/ftplugin.vim
006.242  000.066  000.066: sourcing /usr/share/nvim/runtime/indent.vim
006.856  000.523  000.523: sourcing /usr/share/nvim/archlinux.lua
006.922  000.630  000.107: sourcing /etc/xdg/nvim/sysinit.vim
009.347  001.267  001.267: require('base.options')
011.135  000.971  000.971: require('vim.iter')
012.471  003.113  002.142: require('base.event')
012.485  005.214  000.834: require('base')
013.077  000.587  000.587: require('base.keymap')
013.088  005.879  000.079: sourcing /home/fg51/.config/nvim/init.lua
013.148  000.527: sourcing vimrc file(s)
013.748  000.505  000.505: sourcing /usr/share/nvim/runtime/filetype.lua
014.268  000.280  000.280: sourcing /usr/share/nvim/runtime/syntax/synload.vim
014.541  000.683  000.403: sourcing /usr/share/nvim/runtime/syntax/syntax.vim
015.596  000.054  000.054: sourcing /usr/share/nvim/runtime/plugin/gzip.vim
015.659  000.028  000.028: sourcing /usr/share/nvim/runtime/plugin/matchit.vim
015.731  000.027  000.027: sourcing /usr/share/nvim/runtime/plugin/matchparen.vim
016.769  001.001  001.001: sourcing /usr/share/nvim/runtime/plugin/netrwPlugin.vim
017.800  000.666  000.666: sourcing /usr/share/nvim/runtime/plugin/rplugin.vim
018.146  000.227  000.227: sourcing /usr/share/nvim/runtime/plugin/shada.vim
018.262  000.034  000.034: sourcing /usr/share/nvim/runtime/plugin/spellfile.vim
018.359  000.037  000.037: sourcing /usr/share/nvim/runtime/plugin/tarPlugin.vim
018.451  000.047  000.047: sourcing /usr/share/nvim/runtime/plugin/tutor.vim
018.550  000.038  000.038: sourcing /usr/share/nvim/runtime/plugin/zipPlugin.vim
018.754  000.161  000.161: sourcing /usr/share/nvim/runtime/plugin/editorconfig.lua
019.033  000.212  000.212: sourcing /usr/share/nvim/runtime/plugin/man.lua
019.242  000.136  000.136: sourcing /usr/share/nvim/runtime/plugin/osc52.lua
019.539  000.244  000.244: sourcing /usr/share/nvim/runtime/plugin/tohtml.lua
019.616  002.370: loading rtp plugins
019.934  000.318: loading packages
019.941  000.006: loading after plugins
019.971  000.031: inits 3
021.156  001.185: reading ShaDa
021.378  000.222: opening buffers
021.560  000.182: BufEnter autocommands
021.570  000.010: editing files in windows
021.825  000.255: VimEnter autocommands
021.835  000.010: UIEnter autocommands
031.740  001.581  001.581: require('vim.version')
032.088  010.101  008.520: sourcing /usr/share/nvim/runtime/autoload/provider/clipboard.vim
032.134  000.198: before starting main loop
032.349  000.215: first screen update
032.353  000.005: --- NVIM STARTED ---

--- Startup times for process: Primary/TUI ---

times in msec
 clock   self+sourced   self:  sourced script
 clock   elapsed:              other lines

000.001  000.001: --- NVIM STARTING ---
000.226  000.225: event init
000.387  000.161: early init
000.483  000.095: locale set
000.605  000.122: init first window
001.175  000.570: inits 1
001.190  000.015: window checked
001.194  000.004: parsing arguments
002.344  000.091  000.091: require('vim.shared')
002.530  000.094  000.094: require('vim.inspect')
002.639  000.078  000.078: require('vim._options')
002.644  000.291  000.119: require('vim._editor')
002.647  000.451  000.070: require('vim._init_packages')
002.650  001.005: init lua interpreter
003.636  000.986: --- NVIM STARTED ---

--- Startup times for process: Embedded ---

times in msec
 clock   self+sourced   self:  sourced script
 clock   elapsed:              other lines

000.001  000.001: --- NVIM STARTING ---
000.443  000.442: event init
000.605  000.162: early init
000.705  000.100: locale set
000.783  000.079: init first window
001.347  000.564: inits 1
001.372  000.025: window checked
001.376  000.004: parsing arguments
002.426  000.090  000.090: require('vim.shared')
002.616  000.097  000.097: require('vim.inspect')
002.729  000.081  000.081: require('vim._options')
002.733  000.299  000.121: require('vim._editor')
002.736  000.459  000.070: require('vim._init_packages')
002.740  000.904: init lua interpreter
002.856  000.116: expanding arguments
002.898  000.042: inits 2
003.514  000.616: init highlight
003.518  000.004: waiting for UI
003.729  000.211: done waiting for UI
003.747  000.018: clear screen
003.903  000.012  000.012: require('vim.keymap')
006.428  001.060  001.060: require('vim.termcap')
006.593  000.119  000.119: require('vim.text')
006.865  003.110  001.919: require('vim._defaults')
006.873  000.016: init default mappings & autocommands
007.055  000.115  000.115: sourcing /usr/share/nvim/runtime/ftplugin.vim
007.179  000.060  000.060: sourcing /usr/share/nvim/runtime/indent.vim
007.403  000.140  000.140: sourcing /usr/share/nvim/archlinux.lua
007.415  000.189  000.049: sourcing /etc/xdg/nvim/sysinit.vim
009.348  001.129  001.129: require('base.options')
011.136  000.990  000.990: require('vim.iter')
012.146  002.789  001.798: require('base.event')
012.155  004.644  000.727: require('base')
012.622  000.463  000.463: require('base.keymap')
012.631  005.161  000.054: sourcing /home/fg51/.config/nvim/init.lua
012.648  000.250: sourcing vimrc file(s)
012.986  000.266  000.266: sourcing /usr/share/nvim/runtime/filetype.lua
013.345  000.180  000.180: sourcing /usr/share/nvim/runtime/syntax/synload.vim
013.547  000.486  000.306: sourcing /usr/share/nvim/runtime/syntax/syntax.vim
014.441  000.044  000.044: sourcing /usr/share/nvim/runtime/plugin/gzip.vim
014.497  000.024  000.024: sourcing /usr/share/nvim/runtime/plugin/matchit.vim
014.555  000.024  000.024: sourcing /usr/share/nvim/runtime/plugin/matchparen.vim
015.225  000.638  000.638: sourcing /usr/share/nvim/runtime/plugin/netrwPlugin.vim
015.722  000.427  000.427: sourcing /usr/share/nvim/runtime/plugin/rplugin.vim
015.895  000.117  000.117: sourcing /usr/share/nvim/runtime/plugin/shada.vim
015.980  000.024  000.024: sourcing /usr/share/nvim/runtime/plugin/spellfile.vim
016.350  000.048  000.048: sourcing /usr/share/nvim/runtime/plugin/tarPlugin.vim
016.447  000.044  000.044: sourcing /usr/share/nvim/runtime/plugin/tutor.vim
016.522  000.029  000.029: sourcing /usr/share/nvim/runtime/plugin/zipPlugin.vim
016.691  000.135  000.135: sourcing /usr/share/nvim/runtime/plugin/editorconfig.lua
016.878  000.137  000.137: sourcing /usr/share/nvim/runtime/plugin/man.lua
017.053  000.122  000.122: sourcing /usr/share/nvim/runtime/plugin/osc52.lua
017.177  000.078  000.078: sourcing /usr/share/nvim/runtime/plugin/tohtml.lua
017.234  001.941: loading rtp plugins
017.667  000.432: loading packages
017.678  000.012: loading after plugins
017.707  000.029: inits 3
018.822  001.115: reading ShaDa
019.031  000.209: opening buffers
019.218  000.188: BufEnter autocommands
019.228  000.010: editing files in windows
019.489  000.262: VimEnter autocommands
019.499  000.010: UIEnter autocommands
031.513  001.428  001.428: require('vim.version')
032.012  012.359  010.931: sourcing /usr/share/nvim/runtime/autoload/provider/clipboard.vim
032.057  000.199: before starting main loop
032.310  000.253: first screen update
032.315  000.005: --- NVIM STARTED ---

