--- Startup times for process: Primary/TUI ---

times in msec
 clock   self+sourced   self:  sourced script
 clock   elapsed:              other lines

000.000  000.000: --- NVIM STARTING ---
000.095  000.095: event init
000.157  000.062: early init
000.188  000.031: locale set
000.220  000.032: init first window
000.416  000.196: inits 1
000.420  000.004: window checked
000.422  000.002: parsing arguments
000.773  000.027  000.027: require('vim.shared')
000.829  000.029  000.029: require('vim.inspect')
000.863  000.024  000.024: require('vim._options')
000.864  000.089  000.035: require('vim._editor')
000.865  000.139  000.023: require('vim._init_packages')
000.866  000.306: init lua interpreter
001.363  000.497: --- NVIM STARTED ---

--- Startup times for process: Embedded ---

times in msec
 clock   self+sourced   self:  sourced script
 clock   elapsed:              other lines

000.000  000.000: --- NVIM STARTING ---
000.104  000.104: event init
000.156  000.052: early init
000.185  000.029: locale set
000.208  000.023: init first window
000.378  000.171: inits 1
000.385  000.007: window checked
000.387  000.001: parsing arguments
000.735  000.028  000.028: require('vim.shared')
000.790  000.027  000.027: require('vim.inspect')
000.829  000.024  000.024: require('vim._options')
000.830  000.093  000.042: require('vim._editor')
000.831  000.142  000.021: require('vim._init_packages')
000.832  000.304: init lua interpreter
000.865  000.033: expanding arguments
000.878  000.012: inits 2
001.082  000.204: init highlight
001.082  000.001: waiting for UI
001.160  000.078: done waiting for UI
001.165  000.005: clear screen
001.212  000.003  000.003: require('vim.keymap')
001.736  000.238  000.238: require('vim.termcap')
001.791  000.034  000.034: require('vim.text')
001.856  000.689  000.414: require('vim._defaults')
001.857  000.003: init default mappings & autocommands
001.907  000.034  000.034: sourcing /usr/share/nvim/runtime/ftplugin.vim
001.934  000.015  000.015: sourcing /usr/share/nvim/runtime/indent.vim
001.986  000.034  000.034: sourcing /usr/share/nvim/archlinux.lua
001.988  000.044  000.010: sourcing /etc/xdg/nvim/sysinit.vim
002.462  000.286  000.286: require('base.options')
002.966  000.319  000.319: require('vim.iter')
003.239  000.774  000.455: require('base.event')
003.240  001.232  000.172: require('base')
003.350  000.109  000.109: require('base.keymap')
003.352  001.352  000.011: sourcing /home/fg51/.config/nvim/init.lua
003.354  000.052: sourcing vimrc file(s)
003.443  000.071  000.071: sourcing /usr/share/nvim/runtime/filetype.lua
003.563  000.052  000.052: sourcing /usr/share/nvim/runtime/syntax/synload.vim
003.635  000.173  000.121: sourcing /usr/share/nvim/runtime/syntax/syntax.vim
003.840  000.008  000.008: sourcing /usr/share/nvim/runtime/plugin/gzip.vim
003.851  000.006  000.006: sourcing /usr/share/nvim/runtime/plugin/matchit.vim
003.861  000.005  000.005: sourcing /usr/share/nvim/runtime/plugin/matchparen.vim
004.054  000.187  000.187: sourcing /usr/share/nvim/runtime/plugin/netrwPlugin.vim
004.177  000.110  000.110: sourcing /usr/share/nvim/runtime/plugin/rplugin.vim
004.223  000.034  000.034: sourcing /usr/share/nvim/runtime/plugin/shada.vim
004.243  000.005  000.005: sourcing /usr/share/nvim/runtime/plugin/spellfile.vim
004.258  000.006  000.006: sourcing /usr/share/nvim/runtime/plugin/tarPlugin.vim
004.274  000.008  000.008: sourcing /usr/share/nvim/runtime/plugin/tutor.vim
004.289  000.006  000.006: sourcing /usr/share/nvim/runtime/plugin/zipPlugin.vim
004.330  000.033  000.033: sourcing /usr/share/nvim/runtime/plugin/editorconfig.lua
004.377  000.037  000.037: sourcing /usr/share/nvim/runtime/plugin/man.lua
004.418  000.033  000.033: sourcing /usr/share/nvim/runtime/plugin/osc52.lua
004.445  000.019  000.019: sourcing /usr/share/nvim/runtime/plugin/tohtml.lua
004.457  000.363: loading rtp plugins
004.524  000.066: loading packages
004.525  000.001: loading after plugins
004.531  000.006: inits 3
004.786  000.255: reading ShaDa
004.824  000.039: opening buffers
004.857  000.033: BufEnter autocommands
004.858  000.001: editing files in windows
004.909  000.051: VimEnter autocommands
004.910  000.001: UIEnter autocommands
007.183  000.428  000.428: require('vim.version')
007.368  002.433  002.005: sourcing /usr/share/nvim/runtime/autoload/provider/clipboard.vim
007.383  000.040: before starting main loop
007.475  000.092: first screen update
007.477  000.002: --- NVIM STARTED ---

