--- Startup times for process: Primary/TUI ---

times in msec
 clock   self+sourced   self:  sourced script
 clock   elapsed:              other lines

000.001  000.001: --- NVIM STARTING ---
000.949  000.948: event init
001.115  000.166: early init
001.210  000.094: locale set
001.281  000.072: init first window
001.810  000.528: inits 1
001.823  000.013: window checked
001.827  000.004: parsing arguments
002.895  000.069  000.069: require('vim.shared')
003.046  000.077  000.077: require('vim.inspect')
003.137  000.067  000.067: require('vim._options')
003.140  000.238  000.094: require('vim._editor')
003.143  000.368  000.061: require('vim._init_packages')
003.146  000.951: init lua interpreter
004.277  001.131: --- NVIM STARTED ---

--- Startup times for process: Embedded ---

times in msec
 clock   self+sourced   self:  sourced script
 clock   elapsed:              other lines

000.001  000.001: --- NVIM STARTING ---
000.185  000.184: event init
000.322  000.137: early init
000.578  000.256: locale set
000.653  000.075: init first window
001.139  000.486: inits 1
001.160  000.021: window checked
001.164  000.004: parsing arguments
002.098  000.085  000.085: require('vim.shared')
002.389  000.205  000.205: require('vim.inspect')
002.501  000.080  000.080: require('vim._options')
002.509  000.405  000.120: require('vim._editor')
002.513  000.546  000.056: require('vim._init_packages')
002.517  000.807: init lua interpreter
002.635  000.118: expanding arguments
002.670  000.035: inits 2
003.317  000.647: init highlight
003.320  000.003: waiting for UI
003.555  000.235: done waiting for UI
003.572  000.017: clear screen
003.726  000.021  000.021: require('vim.keymap')
005.602  000.914  000.914: require('vim.termcap')
005.809  000.131  000.131: require('vim.text')
006.031  002.452  001.386: require('vim._defaults')
006.035  000.011: init default mappings & autocommands
006.234  000.122  000.122: sourcing /usr/share/nvim/runtime/ftplugin.vim
006.343  000.056  000.056: sourcing /usr/share/nvim/runtime/indent.vim
006.530  000.126  000.126: sourcing /usr/share/nvim/archlinux.lua
006.536  000.160  000.034: sourcing /etc/xdg/nvim/sysinit.vim
008.322  001.071  001.071: require('base.options')
009.828  000.846  000.846: require('vim.iter')
010.827  002.496  001.650: require('base.event')
010.834  004.216  000.650: require('base')
011.238  000.140  000.140: require('base.global')
011.457  000.213  000.213: require('base.settings')
013.059  001.091  001.091: require('lazy')
013.135  000.034  000.034: require('ffi')
013.241  000.045  000.045: require('vim.fs')
013.456  000.204  000.204: require('vim.uri')
013.481  000.339  000.089: require('vim.loader')
014.306  000.793  000.793: require('lazy.stats')
014.710  000.357  000.357: require('lazy.core.util')
014.996  000.281  000.281: require('lazy.core.config')
015.578  000.365  000.365: require('lazy.core.handler')
016.421  000.157  000.157: require('lazy.pkg')
016.433  000.463  000.306: require('lazy.core.meta')
016.446  000.863  000.400: require('lazy.core.plugin')
016.458  001.458  000.230: require('lazy.core.loader')
018.530  000.298  000.298: require('lazy.core.fragments')
019.206  000.138  000.138: require('lazy.core.handler.event')
019.428  000.208  000.208: require('lazy.core.handler.ft')
019.705  000.268  000.268: require('lazy.core.handler.keys')
019.817  000.104  000.104: require('lazy.core.handler.cmd')
020.258  000.328  000.328: sourcing /usr/share/nvim/runtime/filetype.lua
020.553  000.095  000.095: sourcing /usr/share/nvim/runtime/plugin/editorconfig.lua
021.001  000.417  000.417: sourcing /usr/share/nvim/runtime/plugin/man.lua
021.635  000.588  000.588: sourcing /usr/share/nvim/runtime/plugin/netrwPlugin.vim
022.022  000.306  000.306: sourcing /usr/share/nvim/runtime/plugin/osc52.lua
022.527  000.445  000.445: sourcing /usr/share/nvim/runtime/plugin/rplugin.vim
022.665  000.096  000.096: sourcing /usr/share/nvim/runtime/plugin/shada.vim
022.896  000.189  000.189: sourcing /usr/share/nvim/runtime/plugin/tohtml.lua
022.972  000.033  000.033: sourcing /usr/share/nvim/runtime/plugin/tutor.vim
023.097  012.259  004.040: require('/lazy')
023.346  000.245  000.245: require('base.keymap')
023.349  016.767  000.047: sourcing /home/fg51/.config/nvim/init.lua
023.355  000.215: sourcing vimrc file(s)
023.448  000.044  000.044: sourcing /usr/share/nvim/runtime/filetype.lua
023.654  000.103  000.103: sourcing /usr/share/nvim/runtime/syntax/synload.vim
023.772  000.280  000.178: sourcing /usr/share/nvim/runtime/syntax/syntax.vim
023.787  000.108: inits 3
024.495  000.708: reading ShaDa
024.619  000.124: opening buffers
024.685  000.065: BufEnter autocommands
024.688  000.003: editing files in windows
024.802  000.114: VimEnter autocommands
024.855  000.053: UIEnter autocommands
029.706  001.017  001.017: require('vim.version')
030.185  005.273  004.256: sourcing /usr/share/nvim/runtime/autoload/provider/clipboard.vim
030.230  000.102: before starting main loop
030.448  000.218: first screen update
030.452  000.005: --- NVIM STARTED ---

